## 参考博文
[Mysql 导入文件提示 --secure-file-priv option 问题](https://www.cnblogs.com/Braveliu/p/10728162.html)
[Can't create/write to file '/tmp/MLjnvU95' (Errcode: 13 - Permission denied)](https://www.cnblogs.com/kerrycode/p/9922950.html)

[TOC]

# 集合操作概述

集合操作的两个表必须有相同的列数，如果列的数据类型不一样，MySQL会进行隐式转换，结果列的名称由第一个表决定

```SQL
mysql> create table x1(a char(1));
Query OK, 0 rows affected (0.01 sec)

mysql> create table y1(a char(1));
Query OK, 0 rows affected (0.01 sec)

mysql> insert into x1 select 'a';
Query OK, 1 row affected (0.00 sec)
Records: 1  Duplicates: 0  Warnings: 0

mysql> insert into x1 select 'b';
Query OK, 1 row affected (0.01 sec)
Records: 1  Duplicates: 0  Warnings: 0

mysql> insert into x1 select 'c';
Query OK, 1 row affected (0.01 sec)
Records: 1  Duplicates: 0  Warnings: 0

mysql> insert into y1 select 'a';
Query OK, 1 row affected (0.00 sec)
Records: 1  Duplicates: 0  Warnings: 0

mysql> insert into y1 select 'b';
Query OK, 1 row affected (0.01 sec)
Records: 1  Duplicates: 0  Warnings: 0

mysql> select a as m from x
    -> union
    -> select 1 as n from dual
    -> union
    -> select 'abc' as o from dual
    -> union
    -> select now() as p from dual\G;
*************************** 1. row ***************************
m: 1
*************************** 2. row ***************************
m: 3
*************************** 3. row ***************************
m: 4
*************************** 4. row ***************************
m: 6
*************************** 5. row ***************************
m: 7
*************************** 6. row ***************************
m: abc
*************************** 7. row ***************************
m: 2020-04-19 11:57:58
7 rows in set (0.00 sec)
```

在集合操作中，INTO OUTFILE只能存在于最后一个SELECT语句中，否则MySQL数据库会提示语法错误。虽然INTO OUTFILE只存在于最后一个SELECT语句中，但导出的结果是整个集合操作的结果
```SQL
select a from x 
union 
select a into outfile '/usr/local/mysql/data/out.txt' from y;
```
into outfile问题解决：
```SQL
 ERROR 1290 (HY000): The MySQL server is running with the --secure-file-priv option so it cannot execute this statement

/*
secure_file_priv 为 NULL 时，表示限制mysqld不允许导入或导出。
secure_file_priv 为 /tmp 时，表示限制mysqld只能在/tmp目录中执行导入导出，其他目录不能执行。
secure_file_priv 没有值时，表示不限制mysqld在任意目录的导入导出
*/
mysql>SHOW VARIABLES LIKE "secure_file_priv";
+------------------+-------+
| Variable_name    | Value |
+------------------+-------+
| secure_file_priv | NULL  |
+------------------+-------+

//1. 修改my.cnf的只读权限
 sudo chmod 777 /private/etc/my.cnf

//2. 在my.cnf中添加secure_file_priv=''

//3. 将my.cnf权限改回来
 sudo chmod 644 /private/etc/my.cnf 

//4. 重启MySQL



Can't create/write to file '/usr/local/mysql/data/out.txt' (Errcode: 13 - Permission denied)

mysql> show variables like 'tmpdir';
+---------------+-----------+
| Variable_name | Value     |
+---------------+-----------+
| tmpdir        | /var/tmp/ |
+---------------+-----------+
1 row in set (0.00 sec)

//如果不修改，那么只能导出到/private/var/tmp/。否则可以像修改secure_file_priv一样修改
mysql> select a from x union select a into outfile '/var/tmp/out.txt' from y; 
Query OK, 6 rows affected (0.01 sec)
```


如果select语句中有limit和order by，要对所有语句加括号加括号
```SQL
mysql> select a from x1 order by a limit 1
    -> union
    -> select a from y;
ERROR 1221 (HY000): Incorrect usage of UNION and ORDER BY

mysql> (select a from x1 order by a limit 1) 
    -> union 
    -> (select a from y);
+------+
| a    |
+------+
| a    |
| 1990 |
+------+
2 rows in set (0.00 sec)
```

# UNION DISTINCT和UNION ALL
UNION DISTINCT对两张表做集合操作，并过滤重复项，DISTINCT可以忽略。MySQL的实现过程是创建一张临时虚拟表，对这张表所有的列添加一个唯一索引(过滤重复行),然后将数据插入虚拟表中再返回
```SQL
mysql> select * from x1 union select * from y1;
+------+
| a    |
+------+
| a    |
| b    |
| c    |
+------+
3 rows in set (0.00 sec)

//可以观察Created_tmp_tables来看UNION DISTINCT的实现方式
mysql> show status like 'Created_tmp_tables';
+--------------------+-------+
| Variable_name      | Value |
+--------------------+-------+
| Created_tmp_tables | 14    |
+--------------------+-------+
1 row in set (0.00 sec)
```

因为UNION DISTINCT添加了唯一索引，插入数据的速度会变慢。如果确定不会有重复行，应该使用UNION ALL。如果有重复行，也可以在应用程序端去重
```SQL
mysql> select * from x1 union all select * from y1;
+------+
| a    |
+------+
| a    |
| b    |
| c    |
| a    |
| b    |
+------+
5 rows in set (0.00 sec)
```

# EXCEPT
EXCEPT是求出在第一个表中但是不在第二个表中的数据，MySQL数据库并不原生支持EXCEPT的语法

EXCEPT可分为EXCEPT DISTINCT和EXCEPT ALL

EXCEPT DISTINCT返回在第一个表中但是不在第二个表中的不重复行，常见的方法是使用LEFT JOIN或NOT EXISTS
```SQL
mysql> select x1.a from x1
    -> left join y1
    -> on x1.a=y1.a
    -> where y1.a is null;
+------+
| a    |
+------+
| c    |
+------+
1 row in set (0.01 sec)

mysql> select a from x1
    -> where not exists
    -> (select * from y1 where x1.a=y1.a);
+------+
| a    |
+------+
| c    |
+------+
1 row in set (0.00 sec)
```

# INTERSECT
INTERSECT返回在两个输入中都出现的行